[2025-10-04T03:17:55.718Z] [INFO]: Usuário inserido: alice.silva@teste.com
--------------------------------------------------
[2025-10-04T03:17:55.719Z] [ERROR]: Falha ao inserir novo Usuário: O campo "nome" é obrigatório.
Detalhes: {
  "dados": "{\"email\":\"bob.falha@teste.com\",\"senha\":\"senhaForte\"}",
  "stack": "Error: O campo \"nome\" é obrigatório.\n    at Usuario.validate (C:\\Users\\Bruno\\OneDrive\\Documentos\\projetos-web\\Back-end_Projeto1_Video-Streaming\\Usuario.js:15:19)\n    at Usuario.inserirUsuario (C:\\Users\\Bruno\\OneDrive\\Documentos\\projetos-web\\Back-end_Projeto1_Video-Streaming\\Usuario.js:28:18)\n    at testarInsercaoUsuario (C:\\Users\\Bruno\\OneDrive\\Documentos\\projetos-web\\Back-end_Projeto1_Video-Streaming\\index.js:39:30)\n    at process.processTicksAndRejections (node:internal/process/task_queues:105:5)"
}
--------------------------------------------------
[2025-10-04T03:19:09.540Z] [INFO]: Usuário inserido: alice.silva@teste.com
--------------------------------------------------
[2025-10-04T03:19:09.541Z] [ERROR]: Falha ao inserir novo Usuário: O campo "nome" é obrigatório.
Detalhes: {
  "dados": "{\"email\":\"bob.falha@teste.com\",\"senha\":\"senhaForte\"}",
  "stack": "Error: O campo \"nome\" é obrigatório.\n    at Usuario.validate (C:\\Users\\Bruno\\OneDrive\\Documentos\\projetos-web\\Back-end_Projeto1_Video-Streaming\\usuario.js:15:19)\n    at Usuario.inserirUsuario (C:\\Users\\Bruno\\OneDrive\\Documentos\\projetos-web\\Back-end_Projeto1_Video-Streaming\\usuario.js:28:18)\n    at testarInsercaoUsuario (C:\\Users\\Bruno\\OneDrive\\Documentos\\projetos-web\\Back-end_Projeto1_Video-Streaming\\index.js:39:30)\n    at process.processTicksAndRejections (node:internal/process/task_queues:105:5)"
}
--------------------------------------------------
[2025-10-04T13:36:37.567Z] [ERROR]: Falha ao inserir novo Vídeo: O campo "titulo" é obrigatório.
Detalhes: {
  "dados": "{\"url\":\"fail.com\",\"idUsuario\":\"68e122e5c21bd0795b9ca895\"}",
  "stack": "Error: O campo \"titulo\" é obrigatório.\n    at Video.validate (C:\\Users\\Bruno\\OneDrive\\Documentos\\projetos-web\\Back-end_Projeto1_Video-Streaming\\video.js:13:19)\n    at Video.inserirVideo (C:\\Users\\Bruno\\OneDrive\\Documentos\\projetos-web\\Back-end_Projeto1_Video-Streaming\\video.js:27:18)\n    at executarTestes (C:\\Users\\Bruno\\OneDrive\\Documentos\\projetos-web\\Back-end_Projeto1_Video-Streaming\\index.js:77:28)\n    at process.processTicksAndRejections (node:internal/process/task_queues:105:5)"
}
--------------------------------------------------
[2025-10-04T13:36:37.568Z] [ERROR]: Falha ao inserir novo Usuário: O campo "email" é obrigatório para deletar.
Detalhes: {
  "dados": "{\"nome\":\"sem email\"}",
  "stack": "Error: O campo \"email\" é obrigatório para deletar.\n    at Usuario.deletarUsuario (C:\\Users\\Bruno\\OneDrive\\Documentos\\projetos-web\\Back-end_Projeto1_Video-Streaming\\usuario.js:61:24)\n    at executarTestes (C:\\Users\\Bruno\\OneDrive\\Documentos\\projetos-web\\Back-end_Projeto1_Video-Streaming\\index.js:85:30)\n    at process.processTicksAndRejections (node:internal/process/task_queues:105:5)"
}
--------------------------------------------------
[2025-10-05T15:19:48.328Z] [ERROR]: Falha ao inserir novo Vídeo: O campo "titulo" é obrigatório.
Detalhes: {
  "dados": "{\"url\":\"fail.com\",\"idUsuario\":\"68e28c9437f01214d0eef698\"}",
  "stack": "Error: O campo \"titulo\" é obrigatório.\n    at Video.validate (C:\\Users\\Bruno\\OneDrive\\Documentos\\projetos-web\\Back-end_Projeto1_Video-Streaming\\video.js:12:19)\n    at Video.inserirVideo (C:\\Users\\Bruno\\OneDrive\\Documentos\\projetos-web\\Back-end_Projeto1_Video-Streaming\\video.js:24:18)\n    at executarTestes (C:\\Users\\Bruno\\OneDrive\\Documentos\\projetos-web\\Back-end_Projeto1_Video-Streaming\\index.js:53:28)\n    at process.processTicksAndRejections (node:internal/process/task_queues:105:5)"
}
--------------------------------------------------
[2025-10-05T15:19:48.330Z] [ERROR]: Falha ao inserir novo Usuário: O campo "email" é obrigatório para deletar.
Detalhes: {
  "dados": "{\"nome\":\"sem email\"}",
  "stack": "Error: O campo \"email\" é obrigatório para deletar.\n    at Usuario.deletarUsuario (C:\\Users\\Bruno\\OneDrive\\Documentos\\projetos-web\\Back-end_Projeto1_Video-Streaming\\usuario.js:59:24)\n    at executarTestes (C:\\Users\\Bruno\\OneDrive\\Documentos\\projetos-web\\Back-end_Projeto1_Video-Streaming\\index.js:60:30)\n    at process.processTicksAndRejections (node:internal/process/task_queues:105:5)"
}
--------------------------------------------------
[2025-10-05T15:25:14.505Z] [ERROR]: Falha ao inserir novo Vídeo: O campo "titulo" é obrigatório.
Detalhes: {
  "dados": "{\"url\":\"fail.com\",\"idUsuario\":\"68e28dda4944923899262634\"}",
  "stack": "Error: O campo \"titulo\" é obrigatório.\n    at Video.validate (C:\\Users\\Bruno\\OneDrive\\Documentos\\projetos-web\\Back-end_Projeto1_Video-Streaming\\video.js:12:19)\n    at Video.inserirVideo (C:\\Users\\Bruno\\OneDrive\\Documentos\\projetos-web\\Back-end_Projeto1_Video-Streaming\\video.js:24:18)\n    at demonstrarFuncionalidades (C:\\Users\\Bruno\\OneDrive\\Documentos\\projetos-web\\Back-end_Projeto1_Video-Streaming\\index.js:61:28)\n    at process.processTicksAndRejections (node:internal/process/task_queues:105:5)"
}
--------------------------------------------------
[2025-10-05T15:25:14.507Z] [ERROR]: Falha ao inserir novo Comentário: O campo "idVideo" é obrigatório.
Detalhes: {
  "dados": "{\"texto\":\"teste\",\"idUsuario\":\"68e28dda4944923899262634\"}",
  "stack": "Error: O campo \"idVideo\" é obrigatório.\n    at Comentario.validate (C:\\Users\\Bruno\\OneDrive\\Documentos\\projetos-web\\Back-end_Projeto1_Video-Streaming\\comentario.js:18:19)\n    at Comentario.inserirComentario (C:\\Users\\Bruno\\OneDrive\\Documentos\\projetos-web\\Back-end_Projeto1_Video-Streaming\\comentario.js:24:18)\n    at demonstrarFuncionalidades (C:\\Users\\Bruno\\OneDrive\\Documentos\\projetos-web\\Back-end_Projeto1_Video-Streaming\\index.js:71:33)\n    at process.processTicksAndRejections (node:internal/process/task_queues:105:5)"
}
--------------------------------------------------
[2025-11-14T22:34:32.150Z] [ERROR]: Erro ao conectar ao MongoDB: connect ECONNREFUSED ::1:27017, connect ECONNREFUSED 127.0.0.1:27017
--------------------------------------------------
[2025-11-14T22:56:38.024Z] [ERROR]: Falha ao inserir novo Vídeo: O campo "titulo" é obrigatório.
Detalhes: {
  "dados": "{\"url\":\"fail.com\",\"idUsuario\":\"6917b3a526dca695d6b649a8\"}",
  "stack": "Error: O campo \"titulo\" é obrigatório.\n    at Video.validate (C:\\Users\\pedro\\OneDrive\\Documentos\\GitHub\\Back-end_Projeto1_Video-Streaming\\video.js:12:19)\n    at Video.inserirVideo (C:\\Users\\pedro\\OneDrive\\Documentos\\GitHub\\Back-end_Projeto1_Video-Streaming\\video.js:24:18)\n    at demonstrarFuncionalidades (C:\\Users\\pedro\\OneDrive\\Documentos\\GitHub\\Back-end_Projeto1_Video-Streaming\\index.js:59:28)\n    at process.processTicksAndRejections (node:internal/process/task_queues:105:5)"
}
--------------------------------------------------
[2025-11-14T22:56:38.028Z] [ERROR]: Falha ao inserir novo Comentário: O campo "idVideo" é obrigatório.
Detalhes: {
  "dados": "{\"texto\":\"teste\",\"idUsuario\":\"6917b3a526dca695d6b649a8\"}",
  "stack": "Error: O campo \"idVideo\" é obrigatório.\n    at Comentario.validate (C:\\Users\\pedro\\OneDrive\\Documentos\\GitHub\\Back-end_Projeto1_Video-Streaming\\comentario.js:18:19)\n    at Comentario.inserirComentario (C:\\Users\\pedro\\OneDrive\\Documentos\\GitHub\\Back-end_Projeto1_Video-Streaming\\comentario.js:24:18)\n    at demonstrarFuncionalidades (C:\\Users\\pedro\\OneDrive\\Documentos\\GitHub\\Back-end_Projeto1_Video-Streaming\\index.js:69:33)\n    at process.processTicksAndRejections (node:internal/process/task_queues:105:5)"
}
--------------------------------------------------
[2025-11-14T23:56:21.569Z] [ERROR]: Falha ao buscar vídeos por palavra chave: O termo de busca não pode ser vazio.
Detalhes: {
  "stack": "Error: O termo de busca não pode ser vazio.\n    at Video.buscarVideosPorPalavraChave (C:\\Users\\pedro\\OneDrive\\Documentos\\GitHub\\Back-end_Projeto1_Video-Streaming\\video.js:45:23)\n    at C:\\Users\\pedro\\OneDrive\\Documentos\\GitHub\\Back-end_Projeto1_Video-Streaming\\app.js:114:47\n    at Layer.handleRequest (C:\\Users\\pedro\\node_modules\\router\\lib\\layer.js:152:17)\n    at next (C:\\Users\\pedro\\node_modules\\router\\lib\\route.js:157:13)\n    at Route.dispatch (C:\\Users\\pedro\\node_modules\\router\\lib\\route.js:117:3)\n    at handle (C:\\Users\\pedro\\node_modules\\router\\index.js:435:11)\n    at Layer.handleRequest (C:\\Users\\pedro\\node_modules\\router\\lib\\layer.js:152:17)\n    at C:\\Users\\pedro\\node_modules\\router\\index.js:295:15\n    at processParams (C:\\Users\\pedro\\node_modules\\router\\index.js:582:12)\n    at next (C:\\Users\\pedro\\node_modules\\router\\index.js:291:5)"
}
--------------------------------------------------
[2025-11-15T02:13:52.940Z] [ERROR]: Falha ao inserir novo Comentário: O campo "texto" é obrigatório.
Detalhes: {
  "dados": "{\"idVideo\":\"6917e1ca58e4c00d4f144c69\",\"idUsuario\":\"6917e17858e4c00d4f144c68\"}",
  "stack": "Error: O campo \"texto\" é obrigatório.\n    at Comentario.validate (C:\\Users\\Bruno\\OneDrive\\Documentos\\projetos-web\\Back-end_Projeto1_Video-Streaming\\comentario.js:12:19)\n    at Comentario.inserirComentario (C:\\Users\\Bruno\\OneDrive\\Documentos\\projetos-web\\Back-end_Projeto1_Video-Streaming\\comentario.js:24:18)\n    at C:\\Users\\Bruno\\OneDrive\\Documentos\\projetos-web\\Back-end_Projeto1_Video-Streaming\\app.js:183:54\n    at Layer.handleRequest (C:\\Users\\Bruno\\OneDrive\\Documentos\\projetos-web\\Back-end_Projeto1_Video-Streaming\\node_modules\\router\\lib\\layer.js:152:17)\n    at next (C:\\Users\\Bruno\\OneDrive\\Documentos\\projetos-web\\Back-end_Projeto1_Video-Streaming\\node_modules\\router\\lib\\route.js:157:13)\n    at checkAuth (C:\\Users\\Bruno\\OneDrive\\Documentos\\projetos-web\\Back-end_Projeto1_Video-Streaming\\app.js:30:5)\n    at Layer.handleRequest (C:\\Users\\Bruno\\OneDrive\\Documentos\\projetos-web\\Back-end_Projeto1_Video-Streaming\\node_modules\\router\\lib\\layer.js:152:17)\n    at next (C:\\Users\\Bruno\\OneDrive\\Documentos\\projetos-web\\Back-end_Projeto1_Video-Streaming\\node_modules\\router\\lib\\route.js:157:13)\n    at Route.dispatch (C:\\Users\\Bruno\\OneDrive\\Documentos\\projetos-web\\Back-end_Projeto1_Video-Streaming\\node_modules\\router\\lib\\route.js:117:3)\n    at handle (C:\\Users\\Bruno\\OneDrive\\Documentos\\projetos-web\\Back-end_Projeto1_Video-Streaming\\node_modules\\router\\index.js:435:11)"
}
--------------------------------------------------
